app/(tabs)/_layout.tsx(21,5): error TS2657: JSX expressions must have one parent element.
app/(tabs)/_layout.tsx(28,7): error TS1136: Property assignment expected.
app/(tabs)/_layout.tsx(29,9): error TS1005: '}' expected.
app/(tabs)/_layout.tsx(42,5): error TS1005: ')' expected.
app/(tabs)/_layout.tsx(43,3): error TS1109: Expression expected.
